// Jest Snapshot v1, https://goo.gl/fbAQLP

exports[`Test view of danger button 1`] = `
<DocumentFragment>
  <button
    class="button danger-button"
  >
    test
  </button>
</DocumentFragment>
`;
