// Jest Snapshot v1, https://goo.gl/fbAQLP

exports[`Test view of tag box 1`] = `
<DocumentFragment>
  <li
    class="tag"
  >
    Test title
  </li>
</DocumentFragment>
`;
