// Jest Snapshot v1, https://goo.gl/fbAQLP

exports[`Should render Background component 1`] = `
<DocumentFragment>
  <div
    class="sc-bdfBwQ eppQqW"
  >
    Hello
  </div>
</DocumentFragment>
`;
