// Jest Snapshot v1, https://goo.gl/fbAQLP

exports[`Should render DefaultButton 1`] = `
<DocumentFragment>
  <button
    class="sc-bdfBwQ hUrxdp"
  >
    ok
  </button>
</DocumentFragment>
`;
