// Jest Snapshot v1, https://goo.gl/fbAQLP

exports[`Should render Header component 1`] = `
<DocumentFragment>
  <div
    class="sc-bdfBwQ iHiDst"
  >
    Test header
  </div>
</DocumentFragment>
`;
