// Jest Snapshot v1, https://goo.gl/fbAQLP

exports[`Test view of message box with children 1`] = `
<DocumentFragment>
  <section
    class="messages-box"
  >
    <div>
      <div
        class="error-box"
      >
        <div
          class="row   "
        >
          <p
            class="error-box__message"
          >
            test
          </p>
          <button
            class="button default-button close-button"
          >
            X
          </button>
        </div>
      </div>
    </div>
  </section>
</DocumentFragment>
`;

exports[`Test view of message box without children 1`] = `
<DocumentFragment>
  <section
    class="messages-box"
  >
    <div />
  </section>
</DocumentFragment>
`;
