// Jest Snapshot v1, https://goo.gl/fbAQLP

exports[`Should render Description component 1`] = `
<DocumentFragment>
  <p
    class="sc-bdfBwQ dKYnui"
  >
    Test text
  </p>
</DocumentFragment>
`;
