// Jest Snapshot v1, https://goo.gl/fbAQLP

exports[`Should render Container component 1`] = `
<DocumentFragment>
  <div
    class="sc-bdfBwQ drfgAN"
  >
    Test child
  </div>
</DocumentFragment>
`;
