// Jest Snapshot v1, https://goo.gl/fbAQLP

exports[`Should render Image component 1`] = `
<DocumentFragment>
  <figure
    class="sc-bdfBwQ doyRYB"
    height="20"
    width="20"
  >
    <img
      alt="alt"
      src=""
    />
  </figure>
</DocumentFragment>
`;
