// Jest Snapshot v1, https://goo.gl/fbAQLP

exports[`Should render PageTitle component 1`] = `
<DocumentFragment>
  <h1
    class="sc-bdfBwQ cZloQo"
  >
    TEST TITLE
  </h1>
</DocumentFragment>
`;
