// Jest Snapshot v1, https://goo.gl/fbAQLP

exports[`Should render window 1`] = `
<DocumentFragment>
  <div
    class="sc-jSgupP iSPhCi"
    style="top: 100px; left: 100px;"
  >
    <div
      class="sc-dlfnbm gSaEMk"
    >
      <div
        class="sc-hKgILt dfsasS"
      >
        <button
          class="sc-bdfBwQ hUrxdp"
        >
          <div
            class="sc-gsTCUz kbJdGI"
            height="20"
            width="20"
          >
            <svg>
              close.svg
            </svg>
          </div>
        </button>
      </div>
      <p>
        TEST
      </p>
      <div
        class="sc-hKgILt dfsasS"
      />
    </div>
    <div
      class="sc-eCssSg hnaOHp"
    >
      <p>
        TEST BODY
      </p>
    </div>
  </div>
</DocumentFragment>
`;
