// Jest Snapshot v1, https://goo.gl/fbAQLP

exports[`Test view of textaria 1`] = `
<DocumentFragment>
  <form>
    <textarea
      class="textarea"
      name="test_name"
      placeholder="test"
    />
  </form>
</DocumentFragment>
`;
