// Jest Snapshot v1, https://goo.gl/fbAQLP

exports[`Test view of hint box 1`] = `
<DocumentFragment>
  <div
    class="hint-box"
  >
    My hint
  </div>
</DocumentFragment>
`;
