// Jest Snapshot v1, https://goo.gl/fbAQLP

exports[`Should render Tag component 1`] = `
<DocumentFragment>
  <div
    class="sc-bdfBwQ gJkWUT"
  >
    TEST_TAG
  </div>
</DocumentFragment>
`;
