// Jest Snapshot v1, https://goo.gl/fbAQLP

exports[`Test user short info view 1`] = `
<DocumentFragment>
  <div
    class="user-short-info column column_ai-c"
  >
    <div
      class="round-box"
    >
      <img
        alt="Test firstname-Test lastname"
        height="65"
        src="default.png"
        width="65"
      />
    </div>
    <p>
      Test firstname Test lastname
    </p>
  </div>
</DocumentFragment>
`;
